http://purl.org/bncf/tid/39093,Accendisigari,http://it.wikipedia.org/wiki/Accendino,0.7907
http://purl.org/bncf/tid/622,Aeromobili,http://it.wikipedia.org/wiki/Aeroplano,0.7186
http://purl.org/bncf/tid/40520,Alettoni,http://it.wikipedia.org/wiki/Alettone_%28aeronautica%29,0.8337
http://purl.org/bncf/tid/15754,Ancone,http://it.wikipedia.org/wiki/Pala_d%27altare,0.7927
http://purl.org/bncf/tid/11940,Armature,http://it.wikipedia.org/wiki/Armatura,0.7281
http://purl.org/bncf/tid/49318,Armi a ripetizione,http://it.wikipedia.org/wiki/Arma,0.8797
http://purl.org/bncf/tid/25941,Assi <Monete>,http://it.wikipedia.org/wiki/Asse_%28moneta%29,0.8797
http://purl.org/bncf/tid/15982,Automi,http://it.wikipedia.org/wiki/Automa_meccanico,0.6895
http://purl.org/bncf/tid/17727,Balestre,http://it.wikipedia.org/wiki/Balestra_%28arma%29,0.7576
http://purl.org/bncf/tid/42951,Barili,http://it.wikipedia.org/wiki/Barile_%28contenitore%29,0.6536
http://purl.org/bncf/tid/40628,Battipali,http://it.wikipedia.org/wiki/Briccola,0.8624
http://purl.org/bncf/tid/41474,Benne,http://it.wikipedia.org/wiki/Benna_%28meccanica%29,0.6909
http://purl.org/bncf/tid/23119,Buzi,http://it.wikipedia.org/wiki/Giovanni_Buzi,0.6976
http://purl.org/bncf/tid/5019,Caldaie,http://it.wikipedia.org/wiki/Generatore_di_vapore,0.6633
http://purl.org/bncf/tid/40564,Calibri,http://it.wikipedia.org/wiki/Calibro,0.7788
http://purl.org/bncf/tid/2062,Calzature,http://it.wikipedia.org/wiki/Scarpa,0.7543
http://purl.org/bncf/tid/1577,Cartoni,http://it.wikipedia.org/wiki/Cartone_%28arte%29,0.6268
http://purl.org/bncf/tid/26887,Cartucce,http://it.wikipedia.org/wiki/Cartuccia_%28munizione%29,0.8194
http://purl.org/bncf/tid/22748,Cavi,http://it.wikipedia.org/wiki/Fune,0.7701
http://purl.org/bncf/tid/16581,Chiavi,http://it.wikipedia.org/wiki/Chiave_%28serratura%29,0.7694
http://purl.org/bncf/tid/40804,Chitoni,http://it.wikipedia.org/wiki/Chitone,0.8385
http://purl.org/bncf/tid/41362,Cilindri,http://it.wikipedia.org/wiki/Cilindro_%28meccanica%29,0.8205
http://purl.org/bncf/tid/17808,Cingoli,http://it.wikipedia.org/wiki/Cingolo_%28trasporti%29,0.7334
http://purl.org/bncf/tid/12574,Circuiti elettronici,http://it.wikipedia.org/wiki/Circuito_elettrico,0.8084
http://purl.org/bncf/tid/18133,Ciste,http://it.wikipedia.org/wiki/Cista,0.6744
http://purl.org/bncf/tid/25599,Condizionatori,http://it.wikipedia.org/wiki/Condizionatore_d%27aria,0.7315
http://purl.org/bncf/tid/42437,Console,http://it.wikipedia.org/wiki/Console_%28storia_romana%29,0.7424
http://purl.org/bncf/tid/1622,Corni,http://it.wikipedia.org/wiki/Corno_%28strumento_musicale%29,0.8085
http://purl.org/bncf/tid/1502,Corone,http://it.wikipedia.org/wiki/Corona_%28copricapo%29,0.6968
http://purl.org/bncf/tid/1510,Crocifissi,http://it.wikipedia.org/wiki/Crocifissione_di_Ges%C3%B9,0.7348
http://purl.org/bncf/tid/32837,Cuscinetti,http://it.wikipedia.org/wiki/Cuscinetto_%28meccanica%29,0.7375
http://purl.org/bncf/tid/27052,Dadi,http://it.wikipedia.org/wiki/Dado_%28gioco%29,0.7171
http://purl.org/bncf/tid/16006,Fanali,http://it.wikipedia.org/wiki/Fanale_%28veicoli_stradali%29,0.7569
http://purl.org/bncf/tid/18303,Fibule,http://it.wikipedia.org/wiki/Fibula_%28spilla%29,0.8198
http://purl.org/bncf/tid/23590,Filtri elettrici,http://it.wikipedia.org/wiki/Filtro_%28elettronica%29,0.9154
http://purl.org/bncf/tid/25848,Fornaci,http://it.wikipedia.org/wiki/Forno,0.7789
http://purl.org/bncf/tid/43792,Fornaci Hoffmann,http://it.wikipedia.org/wiki/Forno,0.6976
http://purl.org/bncf/tid/22443,Fuochi d'artificio,http://it.wikipedia.org/wiki/Fuochi_d%27artificio,0.775
http://purl.org/bncf/tid/13362,Gessi <Sculture>,http://it.wikipedia.org/wiki/Gesso_%28materiale%29,0.761
http://purl.org/bncf/tid/22616,Grès,http://it.wikipedia.org/wiki/Ceramica,0.7986
http://purl.org/bncf/tid/22284,Gru <Macchine operatrici>,http://it.wikipedia.org/wiki/Gru_%28trasporto%29,0.8336
http://purl.org/bncf/tid/13080,Icone,http://it.wikipedia.org/wiki/Icona_%28arte%29,0.7931
http://purl.org/bncf/tid/40617,Lame,http://it.wikipedia.org/wiki/Lama_%28oggetto%29,0.7185
http://purl.org/bncf/tid/44606,Lance,http://it.wikipedia.org/wiki/Lancia_%28imbarcazione%29,0.803
http://purl.org/bncf/tid/48318,Lanterne,http://it.wikipedia.org/wiki/Lanterna,0.6784
http://purl.org/bncf/tid/28650,Lapidari,http://it.wikipedia.org/wiki/Lapidari,0.7346
http://purl.org/bncf/tid/4099,Laser <Imbarcazioni>,http://it.wikipedia.org/wiki/Laser_%28natante%29,0.7878
http://purl.org/bncf/tid/29493,Lire,http://it.wikipedia.org/wiki/Lira_%28strumento_musicale%29,0.8204
http://purl.org/bncf/tid/46230,Magli,http://it.wikipedia.org/wiki/Maglio,0.7889
http://purl.org/bncf/tid/46078,Martelli,http://it.wikipedia.org/wiki/Martello_%28tecnologia%29,0.7428
http://purl.org/bncf/tid/7612,Memorie <Elaboratori>,http://it.wikipedia.org/wiki/Memoria_%28informatica%29,0.7874
http://purl.org/bncf/tid/20749,Micrometri,http://it.wikipedia.org/wiki/Micrometro,0.8664
http://purl.org/bncf/tid/43404,Mine,http://it.wikipedia.org/wiki/Mina_navale,0.7096
http://purl.org/bncf/tid/21903,Mole,http://it.wikipedia.org/wiki/Smerigliatrice,0.6943
http://purl.org/bncf/tid/28846,Motocicli,http://it.wikipedia.org/wiki/Motoveicolo,0.7823
http://purl.org/bncf/tid/7257,Moxa,http://it.wikipedia.org/wiki/Moxa,0.6662
http://purl.org/bncf/tid/16863,Nodi,http://it.wikipedia.org/wiki/Nodo_%28unit%C3%A0_di_misura%29,0.6903
http://purl.org/bncf/tid/553,Oggetti,http://it.wikipedia.org/wiki/Oggetto_%28filosofia%29,0.7348
http://purl.org/bncf/tid/2229,Organi <Strumenti musicali>,http://it.wikipedia.org/wiki/Organo_%28strumento_musicale%29,0.6645
http://purl.org/bncf/tid/15755,Pale d'altare,http://it.wikipedia.org/wiki/Pala_d%27altare,0.7377
http://purl.org/bncf/tid/26252,Palle,http://it.wikipedia.org/wiki/Palla_%28sport%29,0.6833
http://purl.org/bncf/tid/41274,Pedalò,http://it.wikipedia.org/wiki/Pedal%C3%B2,0.7585
http://purl.org/bncf/tid/17076,Penne <Strumenti scrittori>,http://it.wikipedia.org/wiki/Penna_a_sfera,0.7239
http://purl.org/bncf/tid/30255,Pianete,http://it.wikipedia.org/wiki/Pianeta_%28liturgia%29,0.8136
http://purl.org/bncf/tid/41363,Pistoni,http://it.wikipedia.org/wiki/Pistone_%28meccanica%29,0.7393
http://purl.org/bncf/tid/3293,Proiettori,http://it.wikipedia.org/wiki/Proiettore_cinematografico,0.761
http://purl.org/bncf/tid/41957,Pullman,http://it.wikipedia.org/wiki/Autobus,0.7402
http://purl.org/bncf/tid/29568,Relè,http://it.wikipedia.org/wiki/Rel%C3%A8,0.8797
http://purl.org/bncf/tid/18597,Risciò,http://it.wikipedia.org/wiki/Risci%C3%B2,0.7687
http://purl.org/bncf/tid/3803,Scanner,http://it.wikipedia.org/wiki/Informatica,0.7986
http://purl.org/bncf/tid/9535,Selle,http://it.wikipedia.org/wiki/Finimenti,0.6855
http://purl.org/bncf/tid/7191,Sigilli,http://it.wikipedia.org/wiki/Sigillo_%28oggetto%29,0.6469
http://purl.org/bncf/tid/21812,Spettrometri di massa,http://it.wikipedia.org/wiki/Spettrometria_di_massa,0.884
http://purl.org/bncf/tid/23134,Stucchi,http://it.wikipedia.org/wiki/Stucco,0.8112
http://purl.org/bncf/tid/46669,Tastiere,http://it.wikipedia.org/wiki/Tastiera_%28informatica%29,0.8815
http://purl.org/bncf/tid/23392,Trattori,http://it.wikipedia.org/wiki/Trattore_agricolo,0.7645
http://purl.org/bncf/tid/5807,Uova <Oggetti d'arte>,http://it.wikipedia.org/wiki/Uovo_%28alimento%29,0.6838
http://purl.org/bncf/tid/26232,Valvole,http://it.wikipedia.org/wiki/Valvola_%28idraulica%29,0.767
http://purl.org/bncf/tid/51756,Vele,http://it.wikipedia.org/wiki/Vela_%28sistema_di_propulsione%29,0.8081
http://purl.org/bncf/tid/20464,Viti <Meccanismi>,http://it.wikipedia.org/wiki/Vite_%28meccanica%29,0.761
